// Jest Snapshot v1, https://goo.gl/fbAQLP

exports[`Engage ArticleView Checks snapshot 1`] = `
<div class="tui-engagelayoutOneColumnContentWithSidepanel tui-engageArticleView">
  <div class="tui-responsive"></div>
</div>
`;
