// Jest Snapshot v1, https://goo.gl/fbAQLP

exports[`InputPassword Checks snapshot 1`] = `
<input-stub
  styleclass="[object Object]"
  type="password"
/>
`;
