// Jest Snapshot v1, https://goo.gl/fbAQLP

exports[`Label Checks snapshot 1`] = `
<label
  class="tui-formLabel"
>
  <!---->
  

  example
  
  <!---->
</label>
`;
