// Jest Snapshot v1, https://goo.gl/fbAQLP

exports[`HeaderRow Checks snapshot 1`] = `
<div
  class="tui-dataTableRowHeader"
  role="row"
/>
`;
