// Jest Snapshot v1, https://goo.gl/fbAQLP

exports[`PreRows Checks snapshot 1`] = `
<div
  aria-live="polite"
  class="tui-dataTablePreRows"
  role="row"
/>
`;
