// Jest Snapshot v1, https://goo.gl/fbAQLP

exports[`Row Checks snapshot 1`] = `
<div
  class="tui-dataTableRow"
  role="row"
/>
`;
