// Jest Snapshot v1, https://goo.gl/fbAQLP

exports[`ButtonGroup Checks snapshot 1`] = `
<div
  class="tui-formBtnGroup"
/>
`;
